ASxxxx Linker V03.00 + NoICE + sdld,  page 1.
Hexadecimal  [32-Bits]

Area                                    Addr        Size        Decimal Bytes (Attributes)
--------------------------------        ----        ----        ------- ----- ------------
CABS                                00000000    00000000 =           0. bytes (ABS,CON,CODE)

      Value  Global                              Global Defined In Module
      -----  --------------------------------   ------------------------
C:   00000000  l_BIT_BANK                      
C:   00000000  l_BSEG                          
C:   00000000  l_BSEG_BYTES                    
C:   00000000  l_CABS                          
C:   00000000  l_CONST                         
C:   00000000  l_GSINIT1                       
C:   00000000  l_GSINIT5                       
C:   00000000  l_IABS                          
C:   00000000  l_ISEG                          
C:   00000000  l_PSEG                          
C:   00000000  l_REG_BANK_1                    
C:   00000000  l_REG_BANK_2                    
C:   00000000  l_REG_BANK_3                    
C:   00000000  l_RSEG                          
C:   00000000  l_RSEG0                         
C:   00000000  l_RSEG1                         
C:   00000000  l_XABS                          
C:   00000000  l_XINIT                         
C:   00000000  l_XISEG                         
C:   00000000  l_XSEG                          
C:   00000000  l__CODE                         
C:   00000000  s_BSEG                          
C:   00000000  s_CABS                          
C:   00000000  s_DSEG                          
C:   00000000  s_HOME                          
C:   00000000  s_IABS                          
C:   00000000  s_ISEG                          
C:   00000000  s_REG_BANK_0                    
C:   00000000  s_RSEG                          
C:   00000000  s_RSEG0                         
C:   00000000  s_RSEG1                         
C:   00000000  s_XABS                          
C:   00000001  s_PSEG                          
C:   00000001  s_XISEG                         
C:   00000001  s_XSEG                          
C:   00000002  l_OSEG                          
C:   00000003  l_GSFINAL                       
C:   00000003  l_GSINIT0                       
C:   00000006  l_GSINIT                        
C:   00000008  l_REG_BANK_0                    
C:   00000008  s_REG_BANK_1                    
C:   0000000A  l_GSINIT2                       
C:   00000010  s_REG_BANK_2                    
C:   00000011  s_OSEG                          
C:   00000013  s_SSEG                          
C:   00000018  s_BIT_BANK                      
C:   00000018  s_REG_BANK_3                    
C:   00000020  s_BSEG_BYTES                    
C:   00000020  s__CODE                         
C:   00000022  l_GSINIT3                       
ASxxxx Linker V03.00 + NoICE + sdld,  page 2.
Hexadecimal  [32-Bits]

Area                                    Addr        Size        Decimal Bytes (Attributes)
--------------------------------        ----        ----        ------- ----- ------------
CABS                                00000000    00000000 =           0. bytes (ABS,CON,CODE)

      Value  Global                              Global Defined In Module
      -----  --------------------------------   ------------------------
C:   00000029  l_HOME                          
C:   00000029  s_GSINIT0                       
C:   0000002A  l_GSINIT4                       
C:   0000002C  s_GSINIT1                       
C:   0000002C  s_GSINIT2                       
C:   00000036  s_GSINIT3                       
C:   00000058  s_GSINIT4                       
C:   00000080  l_DSEG                          
C:   00000082  s_GSINIT                        
C:   00000082  s_GSINIT5                       
C:   00000088  s_GSFINAL                       
C:   0000008B  s_CSEG                          
C:   000000ED  l_SSEG                          
C:   00000100  l_IRAM                          
C:   000002B9  l_CSEG                          
C:   00000344  s_CONST                         
C:   00000344  s_XINIT                         

ASxxxx Linker V03.00 + NoICE + sdld,  page 3.
Hexadecimal  [32-Bits]

Area                                    Addr        Size        Decimal Bytes (Attributes)
--------------------------------        ----        ----        ------- ----- ------------
.  .ABS.                            00000000    00000000 =           0. bytes (ABS,CON)

      Value  Global                              Global Defined In Module
      -----  --------------------------------   ------------------------
     00000000  .__.ABS.                           _startup
     00000080  _P0                                seven_segment
     00000080  _P0_0                              seven_segment
     00000081  _P0_1                              seven_segment
     00000081  _SP                                seven_segment
     00000082  _DPL                               seven_segment
     00000082  _P0_2                              seven_segment
     00000083  _DPH                               seven_segment
     00000083  _P0_3                              seven_segment
     00000084  _P0_4                              seven_segment
     00000085  _P0_5                              seven_segment
     00000086  _P0_6                              seven_segment
     00000087  _P0_7                              seven_segment
     00000087  _PCON                              seven_segment
     00000088  _IT0                               seven_segment
     00000088  _TCON                              seven_segment
     00000089  _IE0                               seven_segment
     00000089  _TMOD                              seven_segment
     0000008A  _IT1                               seven_segment
     0000008A  _TL0                               seven_segment
     0000008B  _IE1                               seven_segment
     0000008B  _TL1                               seven_segment
     0000008C  _TH0                               seven_segment
     0000008C  _TR0                               seven_segment
     0000008D  _TF0                               seven_segment
     0000008D  _TH1                               seven_segment
     0000008E  _TR1                               seven_segment
     0000008F  _TF1                               seven_segment
     00000090  _P1                                seven_segment
     00000090  _P1_0                              seven_segment
     00000091  _P1_1                              seven_segment
     00000092  _P1_2                              seven_segment
     00000093  _P1_3                              seven_segment
     00000094  _P1_4                              seven_segment
     00000095  _P1_5                              seven_segment
     00000096  _P1_6                              seven_segment
     00000097  _P1_7                              seven_segment
     00000098  _RI                                seven_segment
     00000098  _SCON                              seven_segment
     00000099  _SBUF                              seven_segment
     00000099  _TI                                seven_segment
     0000009A  _RB8                               seven_segment
     0000009B  _TB8                               seven_segment
     0000009C  _REN                               seven_segment
     0000009D  _SM2                               seven_segment
     0000009E  _SM1                               seven_segment
     0000009F  _SM0                               seven_segment
     000000A0  _P2                                seven_segment
     000000A0  _P2_0                              seven_segment
     000000A0  __XPAGE                            
ASxxxx Linker V03.00 + NoICE + sdld,  page 4.
Hexadecimal  [32-Bits]

Area                                    Addr        Size        Decimal Bytes (Attributes)
--------------------------------        ----        ----        ------- ----- ------------
.  .ABS.                            00000000    00000000 =           0. bytes (ABS,CON)

      Value  Global                              Global Defined In Module
      -----  --------------------------------   ------------------------
     000000A1  _P2_1                              seven_segment
     000000A2  _P2_2                              seven_segment
     000000A3  _P2_3                              seven_segment
     000000A4  _P2_4                              seven_segment
     000000A5  _P2_5                              seven_segment
     000000A6  _P2_6                              seven_segment
     000000A7  _P2_7                              seven_segment
     000000A8  _EX0                               seven_segment
     000000A8  _IE                                seven_segment
     000000A9  _ET0                               seven_segment
     000000AA  _EX1                               seven_segment
     000000AB  _ET1                               seven_segment
     000000AC  _ES                                seven_segment
     000000AF  _EA                                seven_segment
     000000B0  _P3                                seven_segment
     000000B0  _P3_0                              seven_segment
     000000B0  _RXD                               seven_segment
     000000B1  _P3_1                              seven_segment
     000000B1  _TXD                               seven_segment
     000000B2  _INT0                              seven_segment
     000000B2  _P3_2                              seven_segment
     000000B3  _INT1                              seven_segment
     000000B3  _P3_3                              seven_segment
     000000B4  _P3_4                              seven_segment
     000000B4  _T0                                seven_segment
     000000B5  _P3_5                              seven_segment
     000000B5  _T1                                seven_segment
     000000B6  _P3_6                              seven_segment
     000000B6  _WR                                seven_segment
     000000B7  _P3_7                              seven_segment
     000000B7  _RD                                seven_segment
     000000B8  _IP                                seven_segment
     000000B8  _PX0                               seven_segment
     000000B9  _PT0                               seven_segment
     000000BA  _PX1                               seven_segment
     000000BB  _PT1                               seven_segment
     000000BC  _PS                                seven_segment
     000000D0  _P                                 seven_segment
     000000D0  _PSW                               seven_segment
     000000D1  _F1                                seven_segment
     000000D2  _OV                                seven_segment
     000000D3  _RS0                               seven_segment
     000000D4  _RS1                               seven_segment
     000000D5  _F0                                seven_segment
     000000D6  _AC                                seven_segment
     000000D7  _CY                                seven_segment
     000000E0  _ACC                               seven_segment
     000000F0  _B                                 seven_segment
     000000F5  _B_5                               _gptrget
     000000F6  _B_6                               _gptrget
     000000F7  _B_7                               _gptrget

ASxxxx Linker V03.00 + NoICE + sdld,  page 5.
Hexadecimal  [32-Bits]

Area                                    Addr        Size        Decimal Bytes (Attributes)
--------------------------------        ----        ----        ------- ----- ------------
REG_BANK_0                          00000000    00000008 =           8. bytes (REL,OVR)

      Value  Global                              Global Defined In Module
      -----  --------------------------------   ------------------------
ASxxxx Linker V03.00 + NoICE + sdld,  page 6.
Hexadecimal  [32-Bits]

Area                                    Addr        Size        Decimal Bytes (Attributes)
--------------------------------        ----        ----        ------- ----- ------------
DSEG                                00000000    00000080 =         128. bytes (REL,CON)

      Value  Global                              Global Defined In Module
      -----  --------------------------------   ------------------------
     00000008  _received_data                     main
     00000009  _received_flag                     main
     0000000A  _Write7219_PARM_2                  seven_segment
     0000000B  _Writesingle7219_PARM_2            seven_segment
     0000000C  _Writesingle7219_PARM_3            seven_segment
     0000000D  _singledraw_PARM_2                 seven_segment
ASxxxx Linker V03.00 + NoICE + sdld,  page 7.
Hexadecimal  [32-Bits]

Area                                    Addr        Size        Decimal Bytes (Attributes)
--------------------------------        ----        ----        ------- ----- ------------
OSEG                                00000011    00000002 =           2. bytes (REL,OVR)

      Value  Global                              Global Defined In Module
      -----  --------------------------------   ------------------------
     00000011  __modsint_PARM_2                   _moduint
     00000011  __moduint_PARM_2                   _moduint
     00000011  _sendbyte_PARM_2                   seven_segment
ASxxxx Linker V03.00 + NoICE + sdld,  page 8.
Hexadecimal  [32-Bits]

Area                                    Addr        Size        Decimal Bytes (Attributes)
--------------------------------        ----        ----        ------- ----- ------------
SSEG                                00000013    000000ED =         237. bytes (REL,OVR)

      Value  Global                              Global Defined In Module
      -----  --------------------------------   ------------------------
     00000013  __start__stack                     main

ASxxxx Linker V03.00 + NoICE + sdld,  page 9.
Hexadecimal  [32-Bits]

Area                                    Addr        Size        Decimal Bytes (Attributes)
--------------------------------        ----        ----        ------- ----- ------------
HOME                                00000000    00000029 =          41. bytes (REL,CON,CODE)

      Value  Global                              Global Defined In Module
      -----  --------------------------------   ------------------------
C:   00000026  __sdcc_program_startup             main

ASxxxx Linker V03.00 + NoICE + sdld,  page 10.
Hexadecimal  [32-Bits]

Area                                    Addr        Size        Decimal Bytes (Attributes)
--------------------------------        ----        ----        ------- ----- ------------
GSINIT0                             00000029    00000003 =           3. bytes (REL,CON,CODE)

      Value  Global                              Global Defined In Module
      -----  --------------------------------   ------------------------
C:   00000029  __sdcc_gsinit_startup              

ASxxxx Linker V03.00 + NoICE + sdld,  page 11.
Hexadecimal  [32-Bits]

Area                                    Addr        Size        Decimal Bytes (Attributes)
--------------------------------        ----        ----        ------- ----- ------------
GSINIT2                             0000002C    0000000A =          10. bytes (REL,CON,CODE)

      Value  Global                              Global Defined In Module
      -----  --------------------------------   ------------------------
ASxxxx Linker V03.00 + NoICE + sdld,  page 12.
Hexadecimal  [32-Bits]

Area                                    Addr        Size        Decimal Bytes (Attributes)
--------------------------------        ----        ----        ------- ----- ------------
GSINIT3                             00000036    00000022 =          34. bytes (REL,CON,CODE)

      Value  Global                              Global Defined In Module
      -----  --------------------------------   ------------------------
C:   00000036  __mcs51_genXINIT                   

ASxxxx Linker V03.00 + NoICE + sdld,  page 13.
Hexadecimal  [32-Bits]

Area                                    Addr        Size        Decimal Bytes (Attributes)
--------------------------------        ----        ----        ------- ----- ------------
GSINIT4                             00000058    0000002A =          42. bytes (REL,CON,CODE)

      Value  Global                              Global Defined In Module
      -----  --------------------------------   ------------------------
C:   00000058  __mcs51_genRAMCLEAR                
C:   0000005E  __mcs51_genXRAMCLEAR               

ASxxxx Linker V03.00 + NoICE + sdld,  page 14.
Hexadecimal  [32-Bits]

Area                                    Addr        Size        Decimal Bytes (Attributes)
--------------------------------        ----        ----        ------- ----- ------------
GSINIT                              00000082    00000006 =           6. bytes (REL,CON,CODE)

      Value  Global                              Global Defined In Module
      -----  --------------------------------   ------------------------
ASxxxx Linker V03.00 + NoICE + sdld,  page 15.
Hexadecimal  [32-Bits]

Area                                    Addr        Size        Decimal Bytes (Attributes)
--------------------------------        ----        ----        ------- ----- ------------
GSFINAL                             00000088    00000003 =           3. bytes (REL,CON,CODE)

      Value  Global                              Global Defined In Module
      -----  --------------------------------   ------------------------
ASxxxx Linker V03.00 + NoICE + sdld,  page 16.
Hexadecimal  [32-Bits]

Area                                    Addr        Size        Decimal Bytes (Attributes)
--------------------------------        ----        ----        ------- ----- ------------
CSEG                                0000008B    000002B9 =         697. bytes (REL,CON,CODE)

      Value  Global                              Global Defined In Module
      -----  --------------------------------   ------------------------
C:   0000008B  _main                              main
C:   000000AF  _uart_isr                          main
C:   000000BB  _sendbyte                          seven_segment
C:   000000F2  _Write7219                         seven_segment
C:   00000111  _Writesingle7219                   seven_segment
C:   00000156  _Initial                           seven_segment
C:   00000198  _draw                              seven_segment
C:   000001D8  _singledraw                        seven_segment
C:   00000210  _shiftdraw                         seven_segment
C:   0000028F  _delay_ms                          delay
C:   000002A1  __moduint                          _moduint
C:   000002EE  __gptrget                          _gptrget
C:   0000030A  __modsint                          _modsint
C:   00000340  __sdcc_external_startup            _startup

ASxxxx Linker V03.00 + NoICE + sdld,  page 17.

Files Linked                              [ module(s) ]

main.rel                                  [  ]
seven_segment.rel                         [  ]
delay.rel                                 [  ]


Libraries Linked                          [ object file ]

c:\Program Files\SDCC\bin\..\lib\small/mcs51.lib
                                          [ crtclear.rel ]
c:\Program Files\SDCC\bin\..\lib\small/mcs51.lib
                                          [ crtxinit.rel ]
c:\Program Files\SDCC\bin\..\lib\small/libint.lib
                                          [ _moduint.rel ]
c:\Program Files\SDCC\bin\..\lib\small/mcs51.lib
                                          [ crtxclear.rel ]
c:\Program Files\SDCC\bin\..\lib\small/mcs51.lib
                                          [ crtpagesfr.rel ]
c:\Program Files\SDCC\bin\..\lib\small/mcs51.lib
                                          [ crtstart.rel ]
c:\Program Files\SDCC\bin\..\lib\small/libsdcc.lib
                                          [ _gptrget.rel ]
c:\Program Files\SDCC\bin\..\lib\small/libint.lib
                                          [ _modsint.rel ]
c:\Program Files\SDCC\bin\..\lib\small/libsdcc.lib
                                          [ _startup.rel ]

ASxxxx Linker V03.00 + NoICE + sdld,  page 18.

User Base Address Definitions

HOME = 0x0000
XSEG = 0x0001
PSEG = 0x0001
ISEG = 0x0000
BSEG = 0x0000

