ASxxxx Linker V03.00 + NoICE + sdld,  page 1.
Hexadecimal  [32-Bits]

Area                                    Addr        Size        Decimal Bytes (Attributes)
--------------------------------        ----        ----        ------- ----- ------------
CABS                                00000000    00000000 =           0. bytes (ABS,CON,CODE)

      Value  Global                              Global Defined In Module
      -----  --------------------------------   ------------------------
C:   00000000  l_BIT_BANK                      
C:   00000000  l_CABS                          
C:   00000000  l_GSINIT1                       
C:   00000000  l_GSINIT5                       
C:   00000000  l_IABS                          
C:   00000000  l_ISEG                          
C:   00000000  l_PSEG                          
C:   00000000  l_REG_BANK_1                    
C:   00000000  l_REG_BANK_2                    
C:   00000000  l_REG_BANK_3                    
C:   00000000  l_RSEG                          
C:   00000000  l_RSEG0                         
C:   00000000  l_RSEG1                         
C:   00000000  l_XABS                          
C:   00000000  l_XINIT                         
C:   00000000  l_XISEG                         
C:   00000000  l_XSEG                          
C:   00000000  l__CODE                         
C:   00000000  s_BSEG                          
C:   00000000  s_CABS                          
C:   00000000  s_DSEG                          
C:   00000000  s_HOME                          
C:   00000000  s_IABS                          
C:   00000000  s_ISEG                          
C:   00000000  s_REG_BANK_0                    
C:   00000000  s_RSEG                          
C:   00000000  s_RSEG0                         
C:   00000000  s_RSEG1                         
C:   00000000  s_XABS                          
C:   00000001  l_BSEG                          
C:   00000001  l_BSEG_BYTES                    
C:   00000001  s_PSEG                          
C:   00000001  s_XISEG                         
C:   00000001  s_XSEG                          
C:   00000002  l_OSEG                          
C:   00000003  l_GSFINAL                       
C:   00000003  l_GSINIT0                       
C:   00000006  l_HOME                          
C:   00000006  s_GSINIT0                       
C:   00000008  l_REG_BANK_0                    
C:   00000008  s_REG_BANK_1                    
C:   00000009  s_GSINIT1                       
C:   00000009  s_GSINIT2                       
C:   0000000A  l_GSINIT2                       
C:   00000010  s_REG_BANK_2                    
C:   00000013  s_GSINIT3                       
C:   00000018  s_BIT_BANK                      
C:   00000018  s_REG_BANK_3                    
C:   0000001B  s_OSEG                          
C:   00000020  s_BSEG_BYTES                    
ASxxxx Linker V03.00 + NoICE + sdld,  page 2.
Hexadecimal  [32-Bits]

Area                                    Addr        Size        Decimal Bytes (Attributes)
--------------------------------        ----        ----        ------- ----- ------------
CABS                                00000000    00000000 =           0. bytes (ABS,CON,CODE)

      Value  Global                              Global Defined In Module
      -----  --------------------------------   ------------------------
C:   00000020  s__CODE                         
C:   00000022  l_GSINIT3                       
C:   00000028  l_GSINIT                        
C:   0000002A  l_GSINIT4                       
C:   00000035  s_GSINIT4                       
C:   00000037  s_SSEG                          
C:   0000005F  s_GSINIT                        
C:   0000005F  s_GSINIT5                       
C:   0000007D  l_DSEG                          
C:   00000087  s_GSFINAL                       
C:   0000008A  s_CSEG                          
C:   000000C9  l_SSEG                          
C:   00000100  l_IRAM                          
C:   000001F0  l_CONST                         
C:   00000891  l_CSEG                          
C:   0000091B  s_CONST                         
C:   00000B0B  s_XINIT                         

ASxxxx Linker V03.00 + NoICE + sdld,  page 3.
Hexadecimal  [32-Bits]

Area                                    Addr        Size        Decimal Bytes (Attributes)
--------------------------------        ----        ----        ------- ----- ------------
.  .ABS.                            00000000    00000000 =           0. bytes (ABS,CON)

      Value  Global                              Global Defined In Module
      -----  --------------------------------   ------------------------
     00000000  .__.ABS.                           _startup
     00000080  _P0                                i2c
     00000080  _P0_0                              i2c
     00000081  _P0_1                              i2c
     00000081  _SP                                i2c
     00000082  _DPL                               i2c
     00000082  _P0_2                              i2c
     00000083  _DPH                               i2c
     00000083  _P0_3                              i2c
     00000084  _P0_4                              i2c
     00000085  _P0_5                              i2c
     00000086  _P0_6                              i2c
     00000087  _P0_7                              i2c
     00000087  _PCON                              i2c
     00000088  _IT0                               i2c
     00000088  _TCON                              i2c
     00000089  _IE0                               i2c
     00000089  _TMOD                              i2c
     0000008A  _IT1                               i2c
     0000008A  _TL0                               i2c
     0000008B  _IE1                               i2c
     0000008B  _TL1                               i2c
     0000008C  _TH0                               i2c
     0000008C  _TR0                               i2c
     0000008D  _TF0                               i2c
     0000008D  _TH1                               i2c
     0000008E  _TR1                               i2c
     0000008F  _TF1                               i2c
     00000090  _P1                                i2c
     00000090  _P1_0                              i2c
     00000091  _P1_1                              i2c
     00000092  _P1_2                              i2c
     00000093  _P1_3                              i2c
     00000094  _P1_4                              i2c
     00000095  _P1_5                              i2c
     00000096  _P1_6                              i2c
     00000097  _P1_7                              i2c
     00000098  _RI                                i2c
     00000098  _SCON                              i2c
     00000099  _SBUF                              i2c
     00000099  _TI                                i2c
     0000009A  _RB8                               i2c
     0000009B  _TB8                               i2c
     0000009C  _REN                               i2c
     0000009D  _SM2                               i2c
     0000009E  _SM1                               i2c
     0000009F  _SM0                               i2c
     000000A0  _P2                                i2c
     000000A0  _P2_0                              i2c
     000000A0  __XPAGE                            
ASxxxx Linker V03.00 + NoICE + sdld,  page 4.
Hexadecimal  [32-Bits]

Area                                    Addr        Size        Decimal Bytes (Attributes)
--------------------------------        ----        ----        ------- ----- ------------
.  .ABS.                            00000000    00000000 =           0. bytes (ABS,CON)

      Value  Global                              Global Defined In Module
      -----  --------------------------------   ------------------------
     000000A1  _P2_1                              i2c
     000000A2  _P2_2                              i2c
     000000A3  _P2_3                              i2c
     000000A4  _P2_4                              i2c
     000000A5  _P2_5                              i2c
     000000A6  _P2_6                              i2c
     000000A7  _P2_7                              i2c
     000000A8  _EX0                               i2c
     000000A8  _IE                                i2c
     000000A9  _ET0                               i2c
     000000AA  _EX1                               i2c
     000000AB  _ET1                               i2c
     000000AC  _ES                                i2c
     000000AF  _EA                                i2c
     000000B0  _P3                                i2c
     000000B0  _P3_0                              i2c
     000000B0  _RXD                               i2c
     000000B1  _P3_1                              i2c
     000000B1  _TXD                               i2c
     000000B2  _INT0                              i2c
     000000B2  _P3_2                              i2c
     000000B3  _INT1                              i2c
     000000B3  _P3_3                              i2c
     000000B4  _P3_4                              i2c
     000000B4  _T0                                i2c
     000000B5  _P3_5                              i2c
     000000B5  _T1                                i2c
     000000B6  _P3_6                              i2c
     000000B6  _WR                                i2c
     000000B7  _P3_7                              i2c
     000000B7  _RD                                i2c
     000000B8  _IP                                i2c
     000000B8  _PX0                               i2c
     000000B9  _PT0                               i2c
     000000BA  _PX1                               i2c
     000000BB  _PT1                               i2c
     000000BC  _PS                                i2c
     000000D0  _P                                 i2c
     000000D0  _PSW                               i2c
     000000D1  _F1                                i2c
     000000D2  _OV                                i2c
     000000D3  _RS0                               i2c
     000000D4  _RS1                               i2c
     000000D5  _F0                                i2c
     000000D6  _AC                                i2c
     000000D7  _CY                                i2c
     000000E0  _ACC                               i2c
     000000F0  _B                                 i2c
     000000F5  _B_5                               _gptrget
     000000F6  _B_6                               _gptrget
     000000F7  _B_7                               _gptrget

ASxxxx Linker V03.00 + NoICE + sdld,  page 5.
Hexadecimal  [32-Bits]

Area                                    Addr        Size        Decimal Bytes (Attributes)
--------------------------------        ----        ----        ------- ----- ------------
BSEG_BYTES                          00000020    00000001 =           1. bytes (REL,CON)

      Value  Global                              Global Defined In Module
      -----  --------------------------------   ------------------------
ASxxxx Linker V03.00 + NoICE + sdld,  page 6.
Hexadecimal  [32-Bits]

Area                                    Addr        Size        Decimal Bytes (Attributes)
--------------------------------        ----        ----        ------- ----- ------------
REG_BANK_0                          00000000    00000008 =           8. bytes (REL,OVR)

      Value  Global                              Global Defined In Module
      -----  --------------------------------   ------------------------
ASxxxx Linker V03.00 + NoICE + sdld,  page 7.
Hexadecimal  [32-Bits]

Area                                    Addr        Size        Decimal Bytes (Attributes)
--------------------------------        ----        ----        ------- ----- ------------
DSEG                                00000000    0000007D =         125. bytes (REL,CON)

      Value  Global                              Global Defined In Module
      -----  --------------------------------   ------------------------
     00000008  _data_buf                          main
     0000000A  _i                                 main
     0000000B  _accel_data                        main
     00000011  _gyro_data                         main
     00000017  _Single_WriteI2C_PARM_2            i2c
     00000018  _Single_WriteI2C_PARM_3            i2c
     00000019  _Single_ReadI2C_PARM_2             i2c
     0000001A  _OLED_SetCursor_PARM_2             oled_i2c
     00000021  _Ascale                            MPU6050
     00000022  _Gscale                            MPU6050
     00000023  _Mmode                             MPU6050
     00000024  _i2c_package                       MPU6050
     0000002A  _writeByte_PARM_2                  MPU6050
     0000002B  _writeByte_PARM_3                  MPU6050
     0000002C  _readByte_PARM_2                   MPU6050
ASxxxx Linker V03.00 + NoICE + sdld,  page 8.
Hexadecimal  [32-Bits]

Area                                    Addr        Size        Decimal Bytes (Attributes)
--------------------------------        ----        ----        ------- ----- ------------
OSEG                                0000001B    00000002 =           2. bytes (REL,OVR)

      Value  Global                              Global Defined In Module
      -----  --------------------------------   ------------------------
     0000001B  __divsint_PARM_2                   _divuint
     0000001B  __divuint_PARM_2                   _divuint
     0000001B  __gptrput_PARM_2                   _gptrput
     0000001B  __modsint_PARM_2                   _moduint
     0000001B  __moduint_PARM_2                   _moduint
     0000001B  __mulint_PARM_2                    _mulint
ASxxxx Linker V03.00 + NoICE + sdld,  page 9.
Hexadecimal  [32-Bits]

Area                                    Addr        Size        Decimal Bytes (Attributes)
--------------------------------        ----        ----        ------- ----- ------------
SSEG                                00000037    000000C9 =         201. bytes (REL,OVR)

      Value  Global                              Global Defined In Module
      -----  --------------------------------   ------------------------
     00000037  __start__stack                     main

ASxxxx Linker V03.00 + NoICE + sdld,  page 10.
Hexadecimal  [32-Bits]

Area                                    Addr        Size        Decimal Bytes (Attributes)
--------------------------------        ----        ----        ------- ----- ------------
HOME                                00000000    00000006 =           6. bytes (REL,CON,CODE)

      Value  Global                              Global Defined In Module
      -----  --------------------------------   ------------------------
C:   00000003  __sdcc_program_startup             main

ASxxxx Linker V03.00 + NoICE + sdld,  page 11.
Hexadecimal  [32-Bits]

Area                                    Addr        Size        Decimal Bytes (Attributes)
--------------------------------        ----        ----        ------- ----- ------------
GSINIT0                             00000006    00000003 =           3. bytes (REL,CON,CODE)

      Value  Global                              Global Defined In Module
      -----  --------------------------------   ------------------------
C:   00000006  __sdcc_gsinit_startup              

ASxxxx Linker V03.00 + NoICE + sdld,  page 12.
Hexadecimal  [32-Bits]

Area                                    Addr        Size        Decimal Bytes (Attributes)
--------------------------------        ----        ----        ------- ----- ------------
GSINIT2                             00000009    0000000A =          10. bytes (REL,CON,CODE)

      Value  Global                              Global Defined In Module
      -----  --------------------------------   ------------------------
ASxxxx Linker V03.00 + NoICE + sdld,  page 13.
Hexadecimal  [32-Bits]

Area                                    Addr        Size        Decimal Bytes (Attributes)
--------------------------------        ----        ----        ------- ----- ------------
GSINIT3                             00000013    00000022 =          34. bytes (REL,CON,CODE)

      Value  Global                              Global Defined In Module
      -----  --------------------------------   ------------------------
C:   00000013  __mcs51_genXINIT                   

ASxxxx Linker V03.00 + NoICE + sdld,  page 14.
Hexadecimal  [32-Bits]

Area                                    Addr        Size        Decimal Bytes (Attributes)
--------------------------------        ----        ----        ------- ----- ------------
GSINIT4                             00000035    0000002A =          42. bytes (REL,CON,CODE)

      Value  Global                              Global Defined In Module
      -----  --------------------------------   ------------------------
C:   00000035  __mcs51_genRAMCLEAR                
C:   0000003B  __mcs51_genXRAMCLEAR               

ASxxxx Linker V03.00 + NoICE + sdld,  page 15.
Hexadecimal  [32-Bits]

Area                                    Addr        Size        Decimal Bytes (Attributes)
--------------------------------        ----        ----        ------- ----- ------------
GSINIT                              0000005F    00000028 =          40. bytes (REL,CON,CODE)

      Value  Global                              Global Defined In Module
      -----  --------------------------------   ------------------------
ASxxxx Linker V03.00 + NoICE + sdld,  page 16.
Hexadecimal  [32-Bits]

Area                                    Addr        Size        Decimal Bytes (Attributes)
--------------------------------        ----        ----        ------- ----- ------------
GSFINAL                             00000087    00000003 =           3. bytes (REL,CON,CODE)

      Value  Global                              Global Defined In Module
      -----  --------------------------------   ------------------------
ASxxxx Linker V03.00 + NoICE + sdld,  page 17.
Hexadecimal  [32-Bits]

Area                                    Addr        Size        Decimal Bytes (Attributes)
--------------------------------        ----        ----        ------- ----- ------------
CSEG                                0000008A    00000891 =        2193. bytes (REL,CON,CODE)

      Value  Global                              Global Defined In Module
      -----  --------------------------------   ------------------------
C:   0000008A  _main                              main
C:   00000328  _I2C_Start                         i2c
C:   00000337  _I2C_Stop                          i2c
C:   00000343  _I2C_SendACK                       i2c
C:   00000351  _I2C_RecvACK                       i2c
C:   00000362  _I2C_SendByte                      i2c
C:   0000038A  _I2C_RecvByte                      i2c
C:   000003BE  _Single_WriteI2C                   i2c
C:   000003DB  _Single_ReadI2C                    i2c
C:   00000415  _Delay                             i2c
C:   0000041A  _delay_ms                          delay
C:   0000042C  _MPU6050_INIT                      MPU6050
C:   000004BA  _writeByte                         MPU6050
C:   000004C3  _readByte                          MPU6050
C:   000004C9  _readMPU6050_AccelData             MPU6050
C:   0000059C  _readMPU6050_GyroData              MPU6050
C:   0000066F  _resetMPU6050                      MPU6050
C:   00000681  _OLED_Init                         oled_i2c
C:   000006F0  _OLED_DisplayChar                  oled_i2c
C:   00000741  _OLED_DisplayString                oled_i2c
C:   0000076C  _OLED_Clear                        oled_i2c
C:   00000797  _OLED_SetCursor                    oled_i2c
C:   000007C7  _oledSendCommand                   oled_i2c
C:   000007D3  _oledSendData                      oled_i2c
C:   000007DF  __gptrput                          _gptrput
C:   000007FA  __mulint                           _mulint
C:   000007FA  __mulint_dummy                     _mulint
C:   00000817  __moduint                          _moduint
C:   00000864  __divuint                          _divuint
C:   0000088D  __gptrget                          _gptrget
C:   000008A9  __modsint                          _modsint
C:   000008DF  __divsint                          _divsint
C:   00000917  __sdcc_external_startup            _startup
ASxxxx Linker V03.00 + NoICE + sdld,  page 18.
Hexadecimal  [32-Bits]

Area                                    Addr        Size        Decimal Bytes (Attributes)
--------------------------------        ----        ----        ------- ----- ------------
CONST                               0000091B    000001F0 =         496. bytes (REL,CON,CODE)

      Value  Global                              Global Defined In Module
      -----  --------------------------------   ------------------------
C:   00000930  _OledFontTable                     oled_i2c

ASxxxx Linker V03.00 + NoICE + sdld,  page 19.

Files Linked                              [ module(s) ]

main.rel                                  [  ]
i2c.rel                                   [  ]
delay.rel                                 [  ]
MPU6050.rel                               [  ]
oled_i2c.rel                              [  ]


Libraries Linked                          [ object file ]

c:\Program Files\SDCC\bin\..\lib\small/mcs51.lib
                                          [ crtclear.rel ]
c:\Program Files\SDCC\bin\..\lib\small/mcs51.lib
                                          [ crtxinit.rel ]
c:\Program Files\SDCC\bin\..\lib\small/libsdcc.lib
                                          [ _gptrput.rel ]
c:\Program Files\SDCC\bin\..\lib\small/libint.lib
                                          [ _mulint.rel ]
c:\Program Files\SDCC\bin\..\lib\small/libint.lib
                                          [ _moduint.rel ]
c:\Program Files\SDCC\bin\..\lib\small/mcs51.lib
                                          [ crtxclear.rel ]
c:\Program Files\SDCC\bin\..\lib\small/libint.lib
                                          [ _divuint.rel ]
c:\Program Files\SDCC\bin\..\lib\small/mcs51.lib
                                          [ crtpagesfr.rel ]
c:\Program Files\SDCC\bin\..\lib\small/mcs51.lib
                                          [ crtstart.rel ]
c:\Program Files\SDCC\bin\..\lib\small/libsdcc.lib
                                          [ _gptrget.rel ]
c:\Program Files\SDCC\bin\..\lib\small/libint.lib
                                          [ _modsint.rel ]
c:\Program Files\SDCC\bin\..\lib\small/libint.lib
                                          [ _divsint.rel ]
c:\Program Files\SDCC\bin\..\lib\small/libsdcc.lib
                                          [ _startup.rel ]

ASxxxx Linker V03.00 + NoICE + sdld,  page 20.

User Base Address Definitions

HOME = 0x0000
XSEG = 0x0001
PSEG = 0x0001
ISEG = 0x0000
BSEG = 0x0000

