ASxxxx Linker V03.00 + NoICE + sdld,  page 1.
Hexadecimal  [32-Bits]

Area                                    Addr        Size        Decimal Bytes (Attributes)
--------------------------------        ----        ----        ------- ----- ------------
CABS                                00000000    00000000 =           0. bytes (ABS,CON,CODE)

      Value  Global                              Global Defined In Module
      -----  --------------------------------   ------------------------
C:   00000000  l_BIT_BANK                      
C:   00000000  l_BSEG                          
C:   00000000  l_BSEG_BYTES                    
C:   00000000  l_CABS                          
C:   00000000  l_CONST                         
C:   00000000  l_GSINIT1                       
C:   00000000  l_GSINIT5                       
C:   00000000  l_IABS                          
C:   00000000  l_ISEG                          
C:   00000000  l_PSEG                          
C:   00000000  l_REG_BANK_1                    
C:   00000000  l_REG_BANK_2                    
C:   00000000  l_REG_BANK_3                    
C:   00000000  l_RSEG                          
C:   00000000  l_RSEG0                         
C:   00000000  l_RSEG1                         
C:   00000000  l_XABS                          
C:   00000000  l_XINIT                         
C:   00000000  l_XISEG                         
C:   00000000  l_XSEG                          
C:   00000000  l__CODE                         
C:   00000000  s_BSEG                          
C:   00000000  s_CABS                          
C:   00000000  s_DSEG                          
C:   00000000  s_HOME                          
C:   00000000  s_IABS                          
C:   00000000  s_ISEG                          
C:   00000000  s_REG_BANK_0                    
C:   00000000  s_RSEG                          
C:   00000000  s_RSEG0                         
C:   00000000  s_RSEG1                         
C:   00000000  s_XABS                          
C:   00000001  s_PSEG                          
C:   00000001  s_XISEG                         
C:   00000001  s_XSEG                          
C:   00000002  l_OSEG                          
C:   00000003  l_GSFINAL                       
C:   00000003  l_GSINIT0                       
C:   00000006  l_HOME                          
C:   00000006  s_GSINIT0                       
C:   00000008  l_REG_BANK_0                    
C:   00000008  s_REG_BANK_1                    
C:   00000009  s_GSINIT1                       
C:   00000009  s_GSINIT2                       
C:   0000000A  l_GSINIT2                       
C:   00000010  s_REG_BANK_2                    
C:   00000013  s_GSINIT3                       
C:   00000018  s_BIT_BANK                      
C:   00000018  s_REG_BANK_3                    
C:   0000001A  s_OSEG                          
ASxxxx Linker V03.00 + NoICE + sdld,  page 2.
Hexadecimal  [32-Bits]

Area                                    Addr        Size        Decimal Bytes (Attributes)
--------------------------------        ----        ----        ------- ----- ------------
CABS                                00000000    00000000 =           0. bytes (ABS,CON,CODE)

      Value  Global                              Global Defined In Module
      -----  --------------------------------   ------------------------
C:   0000001C  s_SSEG                          
C:   0000001E  l_GSINIT                        
C:   00000020  s_BSEG_BYTES                    
C:   00000020  s__CODE                         
C:   00000022  l_GSINIT3                       
C:   0000002A  l_GSINIT4                       
C:   00000035  s_GSINIT4                       
C:   0000005F  s_GSINIT                        
C:   0000005F  s_GSINIT5                       
C:   0000007D  s_GSFINAL                       
C:   00000080  l_DSEG                          
C:   00000080  s_CSEG                          
C:   000000E4  l_SSEG                          
C:   00000100  l_IRAM                          
C:   000006B5  l_CSEG                          
C:   00000735  s_CONST                         
C:   00000735  s_XINIT                         

ASxxxx Linker V03.00 + NoICE + sdld,  page 3.
Hexadecimal  [32-Bits]

Area                                    Addr        Size        Decimal Bytes (Attributes)
--------------------------------        ----        ----        ------- ----- ------------
.  .ABS.                            00000000    00000000 =           0. bytes (ABS,CON)

      Value  Global                              Global Defined In Module
      -----  --------------------------------   ------------------------
     00000000  .__.ABS.                           _fsget1arg
     00000080  _P0                                seven_segment
     00000080  _P0_0                              seven_segment
     00000081  _P0_1                              seven_segment
     00000081  _SP                                seven_segment
     00000082  _DPL                               seven_segment
     00000082  _P0_2                              seven_segment
     00000083  _DPH                               seven_segment
     00000083  _P0_3                              seven_segment
     00000084  _P0_4                              seven_segment
     00000085  _P0_5                              seven_segment
     00000086  _P0_6                              seven_segment
     00000087  _P0_7                              seven_segment
     00000087  _PCON                              seven_segment
     00000088  _IT0                               seven_segment
     00000088  _TCON                              seven_segment
     00000089  _IE0                               seven_segment
     00000089  _TMOD                              seven_segment
     0000008A  _IT1                               seven_segment
     0000008A  _TL0                               seven_segment
     0000008B  _IE1                               seven_segment
     0000008B  _TL1                               seven_segment
     0000008C  _TH0                               seven_segment
     0000008C  _TR0                               seven_segment
     0000008D  _TF0                               seven_segment
     0000008D  _TH1                               seven_segment
     0000008E  _TR1                               seven_segment
     0000008F  _TF1                               seven_segment
     00000090  _P1                                seven_segment
     00000090  _P1_0                              seven_segment
     00000091  _P1_1                              seven_segment
     00000092  _P1_2                              seven_segment
     00000093  _P1_3                              seven_segment
     00000094  _P1_4                              seven_segment
     00000095  _P1_5                              seven_segment
     00000096  _P1_6                              seven_segment
     00000097  _P1_7                              seven_segment
     00000098  _RI                                seven_segment
     00000098  _SCON                              seven_segment
     00000099  _SBUF                              seven_segment
     00000099  _TI                                seven_segment
     0000009A  _RB8                               seven_segment
     0000009B  _TB8                               seven_segment
     0000009C  _REN                               seven_segment
     0000009D  _SM2                               seven_segment
     0000009E  _SM1                               seven_segment
     0000009F  _SM0                               seven_segment
     000000A0  _P2                                seven_segment
     000000A0  _P2_0                              seven_segment
     000000A0  __XPAGE                            
ASxxxx Linker V03.00 + NoICE + sdld,  page 4.
Hexadecimal  [32-Bits]

Area                                    Addr        Size        Decimal Bytes (Attributes)
--------------------------------        ----        ----        ------- ----- ------------
.  .ABS.                            00000000    00000000 =           0. bytes (ABS,CON)

      Value  Global                              Global Defined In Module
      -----  --------------------------------   ------------------------
     000000A1  _P2_1                              seven_segment
     000000A2  _P2_2                              seven_segment
     000000A3  _P2_3                              seven_segment
     000000A4  _P2_4                              seven_segment
     000000A5  _P2_5                              seven_segment
     000000A6  _P2_6                              seven_segment
     000000A7  _P2_7                              seven_segment
     000000A8  _EX0                               seven_segment
     000000A8  _IE                                seven_segment
     000000A9  _ET0                               seven_segment
     000000AA  _EX1                               seven_segment
     000000AB  _ET1                               seven_segment
     000000AC  _ES                                seven_segment
     000000AF  _EA                                seven_segment
     000000B0  _P3                                seven_segment
     000000B0  _P3_0                              seven_segment
     000000B0  _RXD                               seven_segment
     000000B1  _P3_1                              seven_segment
     000000B1  _TXD                               seven_segment
     000000B2  _INT0                              seven_segment
     000000B2  _P3_2                              seven_segment
     000000B3  _INT1                              seven_segment
     000000B3  _P3_3                              seven_segment
     000000B4  _P3_4                              seven_segment
     000000B4  _T0                                seven_segment
     000000B5  _P3_5                              seven_segment
     000000B5  _T1                                seven_segment
     000000B6  _P3_6                              seven_segment
     000000B6  _WR                                seven_segment
     000000B7  _P3_7                              seven_segment
     000000B7  _RD                                seven_segment
     000000B8  _IP                                seven_segment
     000000B8  _PX0                               seven_segment
     000000B9  _PT0                               seven_segment
     000000BA  _PX1                               seven_segment
     000000BB  _PT1                               seven_segment
     000000BC  _PS                                seven_segment
     000000D0  _P                                 seven_segment
     000000D0  _PSW                               seven_segment
     000000D1  _F1                                seven_segment
     000000D2  _OV                                seven_segment
     000000D3  _RS0                               seven_segment
     000000D4  _RS1                               seven_segment
     000000D5  _F0                                seven_segment
     000000D6  _AC                                seven_segment
     000000D7  _CY                                seven_segment
     000000E0  _ACC                               seven_segment
     000000F0  _B                                 seven_segment

ASxxxx Linker V03.00 + NoICE + sdld,  page 5.
Hexadecimal  [32-Bits]

Area                                    Addr        Size        Decimal Bytes (Attributes)
--------------------------------        ----        ----        ------- ----- ------------
REG_BANK_0                          00000000    00000008 =           8. bytes (REL,OVR)

      Value  Global                              Global Defined In Module
      -----  --------------------------------   ------------------------
ASxxxx Linker V03.00 + NoICE + sdld,  page 6.
Hexadecimal  [32-Bits]

Area                                    Addr        Size        Decimal Bytes (Attributes)
--------------------------------        ----        ----        ------- ----- ------------
DSEG                                00000000    00000080 =         128. bytes (REL,CON)

      Value  Global                              Global Defined In Module
      -----  --------------------------------   ------------------------
     00000008  _adc_value                         main
     0000000A  _segment_out                       main
     0000000C  _segment_voltage                   main
     0000000E  _led_out                           main
     0000000F  _seg                               main
     00000019  _Write7219_PARM_2                  seven_segment
ASxxxx Linker V03.00 + NoICE + sdld,  page 7.
Hexadecimal  [32-Bits]

Area                                    Addr        Size        Decimal Bytes (Attributes)
--------------------------------        ----        ----        ------- ----- ------------
OSEG                                0000001A    00000002 =           2. bytes (REL,OVR)

      Value  Global                              Global Defined In Module
      -----  --------------------------------   ------------------------
     0000001A  __divsint_PARM_2                   _divuint
     0000001A  __divuint_PARM_2                   _divuint
     0000001A  __modsint_PARM_2                   _moduint
     0000001A  __moduint_PARM_2                   _moduint
     0000001A  _sendbyte_PARM_2                   seven_segment

ASxxxx Linker V03.00 + NoICE + sdld,  page 8.
Hexadecimal  [32-Bits]

Area                                    Addr        Size        Decimal Bytes (Attributes)
--------------------------------        ----        ----        ------- ----- ------------
SSEG                                0000001C    000000E4 =         228. bytes (REL,OVR)

      Value  Global                              Global Defined In Module
      -----  --------------------------------   ------------------------
     0000001C  __start__stack                     main

ASxxxx Linker V03.00 + NoICE + sdld,  page 9.
Hexadecimal  [32-Bits]

Area                                    Addr        Size        Decimal Bytes (Attributes)
--------------------------------        ----        ----        ------- ----- ------------
HOME                                00000000    00000006 =           6. bytes (REL,CON,CODE)

      Value  Global                              Global Defined In Module
      -----  --------------------------------   ------------------------
C:   00000003  __sdcc_program_startup             main

ASxxxx Linker V03.00 + NoICE + sdld,  page 10.
Hexadecimal  [32-Bits]

Area                                    Addr        Size        Decimal Bytes (Attributes)
--------------------------------        ----        ----        ------- ----- ------------
GSINIT0                             00000006    00000003 =           3. bytes (REL,CON,CODE)

      Value  Global                              Global Defined In Module
      -----  --------------------------------   ------------------------
C:   00000006  __sdcc_gsinit_startup              

ASxxxx Linker V03.00 + NoICE + sdld,  page 11.
Hexadecimal  [32-Bits]

Area                                    Addr        Size        Decimal Bytes (Attributes)
--------------------------------        ----        ----        ------- ----- ------------
GSINIT2                             00000009    0000000A =          10. bytes (REL,CON,CODE)

      Value  Global                              Global Defined In Module
      -----  --------------------------------   ------------------------
ASxxxx Linker V03.00 + NoICE + sdld,  page 12.
Hexadecimal  [32-Bits]

Area                                    Addr        Size        Decimal Bytes (Attributes)
--------------------------------        ----        ----        ------- ----- ------------
GSINIT3                             00000013    00000022 =          34. bytes (REL,CON,CODE)

      Value  Global                              Global Defined In Module
      -----  --------------------------------   ------------------------
C:   00000013  __mcs51_genXINIT                   

ASxxxx Linker V03.00 + NoICE + sdld,  page 13.
Hexadecimal  [32-Bits]

Area                                    Addr        Size        Decimal Bytes (Attributes)
--------------------------------        ----        ----        ------- ----- ------------
GSINIT4                             00000035    0000002A =          42. bytes (REL,CON,CODE)

      Value  Global                              Global Defined In Module
      -----  --------------------------------   ------------------------
C:   00000035  __mcs51_genRAMCLEAR                
C:   0000003B  __mcs51_genXRAMCLEAR               

ASxxxx Linker V03.00 + NoICE + sdld,  page 14.
Hexadecimal  [32-Bits]

Area                                    Addr        Size        Decimal Bytes (Attributes)
--------------------------------        ----        ----        ------- ----- ------------
GSINIT                              0000005F    0000001E =          30. bytes (REL,CON,CODE)

      Value  Global                              Global Defined In Module
      -----  --------------------------------   ------------------------
ASxxxx Linker V03.00 + NoICE + sdld,  page 15.
Hexadecimal  [32-Bits]

Area                                    Addr        Size        Decimal Bytes (Attributes)
--------------------------------        ----        ----        ------- ----- ------------
GSFINAL                             0000007D    00000003 =           3. bytes (REL,CON,CODE)

      Value  Global                              Global Defined In Module
      -----  --------------------------------   ------------------------
ASxxxx Linker V03.00 + NoICE + sdld,  page 16.
Hexadecimal  [32-Bits]

Area                                    Addr        Size        Decimal Bytes (Attributes)
--------------------------------        ----        ----        ------- ----- ------------
CSEG                                00000080    000006B5 =        1717. bytes (REL,CON,CODE)

      Value  Global                              Global Defined In Module
      -----  --------------------------------   ------------------------
C:   00000080  _main                              main
C:   00000236  _SPI_WR                            adc
C:   00000287  _read_adc3202                      adc
C:   000002D2  _sendbyte                          seven_segment
C:   00000309  _Write7219                         seven_segment
C:   00000328  _Initial                           seven_segment
C:   0000036A  _delay_ms                          delay
C:   0000037C  _delay_5                           delay
C:   00000381  ___fssub                           _fssub
C:   0000038C  __divuint                          _divuint
C:   000003B5  ___fsmul                           _fsmul
C:   00000458  fsgetargs                          _fsget2args
C:   00000486  fs_normalize_a                     _fsnormalize
C:   000004B9  __moduint                          _moduint
C:   00000506  ___fsadd                           _fsadd
C:   00000509  fsadd_direct_entry                 _fsadd
C:   0000055F  ___uint2fs                         _uint2fs
C:   0000056B  ___fs2uint                         _fs2uint
C:   00000576  fs_round_and_return                _fsreturnval
C:   0000058E  fs_zerocheck_return                _fsreturnval
C:   00000597  fs_return_zero                     _fsreturnval
C:   0000059F  fs_direct_return                   _fsreturnval
C:   000005AD  fs_return_inf                      _fsreturnval
C:   000005BA  fs_return_nan                      _fsreturnval
C:   000005C5  fs_swap_a_b                        _fsswapargs
C:   000005DF  ___fsdiv                           _fsdiv
C:   000006A2  ___ulong2fs                        _ulong2fs
C:   000006AB  ulong2fs_doit                      _ulong2fs
C:   000006B5  fs_rshift_a                        _fsrshift
C:   000006F8  __sdcc_external_startup            _startup
C:   000006FC  ___fs2ulong                        _fs2ulong
C:   000006FE  fs2ulong_begin                     _fs2ulong
C:   00000723  fsgetarg                           _fsget1arg
ASxxxx Linker V03.00 + NoICE + sdld,  page 17.

Files Linked                              [ module(s) ]

main.rel                                  [  ]
adc.rel                                   [  ]
seven_segment.rel                         [  ]
delay.rel                                 [  ]


Libraries Linked                          [ object file ]

c:\Program Files\SDCC\bin\..\lib\small/libfloat.lib
                                          [ _fssub.rel ]
c:\Program Files\SDCC\bin\..\lib\small/libint.lib
                                          [ _divuint.rel ]
c:\Program Files\SDCC\bin\..\lib\small/libfloat.lib
                                          [ _fsmul.rel ]
c:\Program Files\SDCC\bin\..\lib\small/libfloat.lib
                                          [ _fsget2args.rel ]
c:\Program Files\SDCC\bin\..\lib\small/mcs51.lib
                                          [ crtclear.rel ]
c:\Program Files\SDCC\bin\..\lib\small/libfloat.lib
                                          [ _fsnormalize.rel ]
c:\Program Files\SDCC\bin\..\lib\small/mcs51.lib
                                          [ crtxinit.rel ]
c:\Program Files\SDCC\bin\..\lib\small/libint.lib
                                          [ _moduint.rel ]
c:\Program Files\SDCC\bin\..\lib\small/libfloat.lib
                                          [ _fsadd.rel ]
c:\Program Files\SDCC\bin\..\lib\small/mcs51.lib
                                          [ crtxclear.rel ]
c:\Program Files\SDCC\bin\..\lib\small/libfloat.lib
                                          [ _uint2fs.rel ]
c:\Program Files\SDCC\bin\..\lib\small/libfloat.lib
                                          [ _fs2uint.rel ]
c:\Program Files\SDCC\bin\..\lib\small/libfloat.lib
                                          [ _fsreturnval.rel ]
c:\Program Files\SDCC\bin\..\lib\small/mcs51.lib
                                          [ crtpagesfr.rel ]
c:\Program Files\SDCC\bin\..\lib\small/libfloat.lib
                                          [ _fsswapargs.rel ]
c:\Program Files\SDCC\bin\..\lib\small/libfloat.lib
                                          [ _fsdiv.rel ]
c:\Program Files\SDCC\bin\..\lib\small/mcs51.lib
                                          [ crtstart.rel ]
c:\Program Files\SDCC\bin\..\lib\small/libfloat.lib
                                          [ _ulong2fs.rel ]
c:\Program Files\SDCC\bin\..\lib\small/libfloat.lib
                                          [ _fsrshift.rel ]
c:\Program Files\SDCC\bin\..\lib\small/libsdcc.lib
                                          [ _startup.rel ]
c:\Program Files\SDCC\bin\..\lib\small/libfloat.lib
                                          [ _fs2ulong.rel ]
c:\Program Files\SDCC\bin\..\lib\small/libfloat.lib
                                          [ _fsget1arg.rel ]

ASxxxx Linker V03.00 + NoICE + sdld,  page 18.

User Base Address Definitions

HOME = 0x0000
XSEG = 0x0001
PSEG = 0x0001
ISEG = 0x0000
BSEG = 0x0000

